
> swift-notes-web@0.1.0 build
> next build

Γû▓ Next.js 16.1.6 (Turbopack)

  Creating an optimized production build ...
node.exe : Error: Can't resolve 
'tailwindcss-animate' in 'D:\Swi
ftNotes\SwiftNotesWeb\src\app'
At line:1 char:1
+ & "C:\Program 
Files\nodejs/node.exe" 
"C:\Program 
Files\nodejs/node_mo ...
+ ~~~~~~~~~~~~~~~~~~~~~~~~~~~~~~
~~~~~~~~~~~~~~~~~~~~~~~~~~~~~~~~
~~~~~~~
    + CategoryInfo          : N 
   otSpecified: (Error: Can't   
  re...tesWeb\src\app':String   
 ) [], RemoteException
    + FullyQualifiedErrorId : N 
   ativeCommandError
 
    [2m[at 
finishWithoutResolve (D:\SwiftNo
tes\SwiftNotesWeb\node_modules\e
nhanced-resolve\lib\Resolver.js:
586:18)][0m
    [2m[at D:\SwiftNotes\SwiftN
otesWeb\node_modules\enhanced-re
solve\lib\Resolver.js:678:14][0
m
    [2m[at D:\SwiftNotes\SwiftN
otesWeb\node_modules\enhanced-re
solve\lib\Resolver.js:739:5][0m
    [2m[at eval (eval at 
create (D:\SwiftNotes\SwiftNotes
Web\node_modules\tapable\lib\Hoo
kCodeFactory.js:31:10), 
<anonymous>:15:1)][0m
    [2m[at D:\SwiftNotes\SwiftN
otesWeb\node_modules\enhanced-re
solve\lib\Resolver.js:739:5][0m
    [2m[at eval (eval at 
create (D:\SwiftNotes\SwiftNotes
Web\node_modules\tapable\lib\Hoo
kCodeFactory.js:31:10), 
<anonymous>:27:1)][0m
    [2m[at D:\SwiftNotes\SwiftN
otesWeb\node_modules\enhanced-re
solve\lib\DescriptionFilePlugin.
js:89:43][0m
    [2m[at D:\SwiftNotes\SwiftN
otesWeb\node_modules\enhanced-re
solve\lib\Resolver.js:739:5][0m
    [2m[at eval (eval at 
create (D:\SwiftNotes\SwiftNotes
Web\node_modules\tapable\lib\Hoo
kCodeFactory.js:31:10), 
<anonymous>:15:1)][0m
    [2m[at D:\SwiftNotes\SwiftN
otesWeb\node_modules\enhanced-re
solve\lib\Resolver.js:739:5][0m
 {
  details: "resolve 
'tailwindcss-animate' in 'D:\\Sw
iftNotes\\SwiftNotesWeb\\src\\ap
p'\n" +
    '  Parsed request is a 
module\n' +
    '  using description file: D
:\\SwiftNotes\\SwiftNotesWeb\\pa
ckage.json (relative path: 
./src/app)\n' +
    '    resolve as module\n' +
    "      D:\\SwiftNotes\\Swift
NotesWeb\\src\\app\\node_modules
 doesn't exist or is not a 
directory\n" +
    "      D:\\SwiftNotes\\Swift
NotesWeb\\src\\node_modules 
doesn't exist or is not a 
directory\n" +
    '      looking for modules 
in D:\\SwiftNotes\\SwiftNotesWeb
\\node_modules\n' +
    '        single file 
module\n' +
    '          using 
description file: D:\\SwiftNotes
\\SwiftNotesWeb\\package.json 
(relative path: ./node_modules/t
ailwindcss-animate)\n' +
    '            no 
extension\n' +
    "              D:\\SwiftNote
s\\SwiftNotesWeb\\node_modules\\
tailwindcss-animate doesn't 
exist\n" +
    '            .js\n' +
    "              D:\\SwiftNote
s\\SwiftNotesWeb\\node_modules\\
tailwindcss-animate.js doesn't 
exist\n" +
    '            .json\n' +
    "              D:\\SwiftNote
s\\SwiftNotesWeb\\node_modules\\
tailwindcss-animate.json 
doesn't exist\n" +
    '            .node\n' +
    "              D:\\SwiftNote
s\\SwiftNotesWeb\\node_modules\\
tailwindcss-animate.node 
doesn't exist\n" +
    '            .ts\n' +
    "              D:\\SwiftNote
s\\SwiftNotesWeb\\node_modules\\
tailwindcss-animate.ts doesn't 
exist\n" +
    "        D:\\SwiftNotes\\Swi
ftNotesWeb\\node_modules\\tailwi
ndcss-animate doesn't exist\n" +
    "      
D:\\SwiftNotes\\node_modules 
doesn't exist or is not a 
directory\n" +
    "      D:\\node_modules 
doesn't exist or is not a 
directory"
}

> Build error occurred
Error: Turbopack build failed 
with 1 errors:
./src/app/globals.css
Error evaluating Node.js code
CssSyntaxError: tailwindcss: D:\
SwiftNotes\SwiftNotesWeb\src\app
\globals.css:1:1: Can't resolve 
'tailwindcss-animate' in 'D:\Swi
ftNotes\SwiftNotesWeb\src\app'
    at Input.error (node_modules
/postcss/lib/input.js:135:16) [D
:\SwiftNotes\SwiftNotesWeb\.next
\build\chunks\node_modules_fe693
df6._.js:4651:22]
    at Root.error (node_modules/
postcss/lib/node.js:146:32) [D:\
SwiftNotes\SwiftNotesWeb\.next\b
uild\chunks\node_modules_fe693df
6._.js:928:38]
    [at Object.Once (D:\SwiftNot
es\SwiftNotesWeb\node_modules\@t
ailwindcss\postcss\dist\index.js
:10:6913)]
    at async 
LazyResult.runAsync (node_module
s/postcss/lib/lazy-result.js:293
:11) [D:\SwiftNotes\SwiftNotesWe
b\.next\build\chunks\node_module
s_fe693df6._.js:6206:21]
    at async transform (turbopac
k:///[turbopack-node]/transforms
/postcss.ts:70:34) [D:\SwiftNote
s\SwiftNotesWeb\.next\build\chun
ks\[root-of-the-server]__51225da
f._.js:146:36]
    at async run (turbopack:///[
turbopack-node]/ipc/evaluate.ts:
92:23) [D:\SwiftNotes\SwiftNotes
Web\.next\build\chunks\[root-of-
the-server]__974941ed._.js:443:3
1]

Import trace:
  Client Component Browser:
    ./src/app/globals.css 
[Client Component Browser]
    ./src/app/layout.tsx 
[Server Component]


    at async transform (turbopac
k:///[turbopack-node]/transforms
/postcss.ts:70:34) [D:\SwiftNote
s\SwiftNotesWeb\.next\build\chun
ks\[root-of-the-server]__51225da
f._.js:146:36])
    at async run (turbopack:///[
turbopack-node]/ipc/evaluate.ts:
92:23) [D:\SwiftNotes\SwiftNotes
Web\.next\build\chunks\[root-of-
the-server]__974941ed._.js:443:3
1])
