
> swift-notes-web@0.1.0 build
> next build

Γû▓ Next.js 16.1.6 (Turbopack)
- Environments: .env.local, .env

node.exe : ΓÜá The "middleware" 
file convention is deprecated. 
Please use "proxy" instead. 
Learn more: https://nextjs.org/d
ocs/messages/middleware-to-proxy
At line:1 char:1
+ & "C:\Program 
Files\nodejs/node.exe" 
"C:\Program 
Files\nodejs/node_mo ...
+ ~~~~~~~~~~~~~~~~~~~~~~~~~~~~~~
~~~~~~~~~~~~~~~~~~~~~~~~~~~~~~~~
~~~~~~~
    + CategoryInfo          : N 
   otSpecified: (ΓÜá The "midd  
  le...leware-to-proxy:String   
 ) [], RemoteException
    + FullyQualifiedErrorId : N 
   ativeCommandError
 
  Creating an optimized production build ...
Γ£ô Compiled successfully in 3.4s
  Running TypeScript ...
  Collecting page data using 11 workers ...
Warning: Cannot load 
"@napi-rs/canvas" package: 
"Error: Cannot find module 
'@napi-rs/canvas'
Require stack:
- D:\ROOT\node_modules\pdf-parse
\dist\pdf-parse\cjs\index.cjs".
Warning: Cannot polyfill 
`DOMMatrix`, rendering may be 
broken.
Warning: Cannot polyfill 
`ImageData`, rendering may be 
broken.
Warning: Cannot polyfill 
`Path2D`, rendering may be 
broken.
ReferenceError: DOMMatrix is 
not defined
    at instantiateModule (D:\Swi
ftNotes\SwiftNotesWeb\.next\serv
er\chunks\[turbopack]_runtime.js
:740:9)
    at getOrInstantiateModuleFro
mParent (D:\SwiftNotes\SwiftNote
sWeb\.next\server\chunks\[turbop
ack]_runtime.js:763:12)
    at Context.commonJsRequire 
[as r] (D:\SwiftNotes\SwiftNotes
Web\.next\server\chunks\[turbopa
ck]_runtime.js:249:12)
    at instantiateModule (D:\Swi
ftNotes\SwiftNotesWeb\.next\serv
er\chunks\[turbopack]_runtime.js
:740:9)
    at instantiateRuntimeModule 
(D:\SwiftNotes\SwiftNotesWeb\.ne
xt\server\chunks\[turbopack]_run
time.js:768:12)
    at 
getOrInstantiateRuntimeModule (D
:\SwiftNotes\SwiftNotesWeb\.next
\server\chunks\[turbopack]_runti
me.js:781:12)
    at Object.m (D:\SwiftNotes\S
wiftNotesWeb\.next\server\chunks
\[turbopack]_runtime.js:790:18)
    at Object.<anonymous> (D:\Sw
iftNotes\SwiftNotesWeb\.next\ser
ver\app\api\parse-pdf\route.js:6
:3)

> Build error occurred
Error: Failed to collect page 
data for /api/parse-pdf
    at ignore-listed frames {
  type: 'Error'
}
